exports[`<LoginComponent /> should display login screen 1`] = `
<Image
  resizeMode="cover"
  source={1}
  style={
    Object {
      "height": 1334,
      "width": 750,
    }
  }>
  <View
    style={
      Object {
        "flex": 1,
        "justifyContent": "center",
        "marginLeft": 15,
        "marginRight": 15,
        "marginTop": 0,
        "padding": 10,
      }
    }>
    <View
      style={
        Object {
          "flex": 1,
          "paddingVertical": 30,
        }
      }>
      <Image
        resizeMode="contain"
        source={1}
        style={
          Object {
            "flex": 1,
            "height": null,
            "width": null,
          }
        } />
    </View>
    <View
      style={
        Object {
          "paddingVertical": 30,
        }
      }>
      <View
        style={
          Object {
            "borderBottomColor": "#CCC",
            "borderBottomWidth": 1,
            "flexDirection": "row",
            "height": 40,
            "marginVertical": 10,
          }
        }>
        <View
          style={
            Object {
              "alignItems": "center",
              "justifyContent": "center",
              "paddingHorizontal": 7,
            }
          }>
          <Image
            resizeMode="contain"
            source={1}
            style={
              Object {
                "height": 20,
                "width": 20,
              }
            } />
        </View>
        <TextInput
          onChangeText={[Function]}
          placeholder="Email"
          placeholderTextColor="#D3D3D3"
          style={
            Object {
              "color": "#FFF",
              "flex": 1,
              "paddingHorizontal": 10,
            }
          }
          underlineColorAndroid="transparent"
          value="student@uottawa.ca" />
      </View>
      <View
        style={
          Object {
            "borderBottomColor": "#CCC",
            "borderBottomWidth": 1,
            "flexDirection": "row",
            "height": 40,
            "marginVertical": 10,
          }
        }>
        <View
          style={
            Object {
              "alignItems": "center",
              "justifyContent": "center",
              "paddingHorizontal": 7,
            }
          }>
          <Image
            resizeMode="contain"
            source={1}
            style={
              Object {
                "height": 20,
                "width": 20,
              }
            } />
        </View>
        <TextInput
          onChangeText={[Function]}
          placeholder="Password"
          placeholderTextColor="#D3D3D3"
          secureTextEntry={true}
          style={
            Object {
              "color": "#FFF",
              "flex": 1,
              "paddingHorizontal": 10,
            }
          }
          underlineColorAndroid="transparent"
          value="complexPassword" />
      </View>
      <View
        accessibilityComponentType={undefined}
        accessibilityLabel={undefined}
        accessibilityTraits={undefined}
        accessible={true}
        hitSlop={undefined}
        isTVSelectable={true}
        onLayout={undefined}
        onResponderGrant={[Function]}
        onResponderMove={[Function]}
        onResponderRelease={[Function]}
        onResponderTerminate={[Function]}
        onResponderTerminationRequest={[Function]}
        onStartShouldSetResponder={[Function]}
        style={
          Object {
            "opacity": 1,
          }
        }
        testID={undefined}
        tvParallaxProperties={undefined}>
        <View
          style={
            Object {
              "alignItems": "center",
              "backgroundColor": "#FF3366",
              "justifyContent": "center",
              "marginTop": 30,
              "paddingVertical": 20,
            }
          }>
          <Text
            accessible={true}
            allowFontScaling={true}
            ellipsizeMode="tail"
            style={
              Object {
                "color": "#FFF",
                "fontSize": 18,
              }
            }>
            Sign In
          </Text>
        </View>
      </View>
    </View>
    <View
      style={
        Object {
          "flex": 1,
          "justifyContent": "center",
          "marginLeft": 15,
          "marginRight": 15,
          "marginTop": 0,
          "padding": 10,
        }
      }>
      <View
        style={
          Object {
            "alignItems": "center",
            "backgroundColor": "transparent",
            "flexDirection": "row",
            "justifyContent": "center",
          }
        }>
        <Text
          accessible={true}
          allowFontScaling={true}
          ellipsizeMode="tail"
          style={
            Object {
              "color": "#D8D8D8",
            }
          }>
          Don\'t have an account?
        </Text>
        <View
          accessibilityComponentType={undefined}
          accessibilityLabel={undefined}
          accessibilityTraits={undefined}
          accessible={true}
          hitSlop={undefined}
          isTVSelectable={true}
          onLayout={undefined}
          onResponderGrant={[Function]}
          onResponderMove={[Function]}
          onResponderRelease={[Function]}
          onResponderTerminate={[Function]}
          onResponderTerminationRequest={[Function]}
          onStartShouldSetResponder={[Function]}
          style={
            Object {
              "opacity": 1,
            }
          }
          testID={undefined}
          tvParallaxProperties={undefined}>
          <View>
            <Text
              accessible={true}
              allowFontScaling={true}
              ellipsizeMode="tail"
              style={
                Object {
                  "color": "#FFF",
                  "marginLeft": 5,
                }
              }>
              Sign Up
            </Text>
          </View>
        </View>
      </View>
    </View>
  </View>
</Image>
`;
