exports[`<UserSignupFormComponent /> renders correctly 1`] = `
<View
  style={
    Object {
      "justifyContent": "center",
      "marginLeft": 15,
      "marginRight": 15,
      "marginTop": 0,
      "padding": 10,
    }
  }>
  <View
    style={Object {}}>
    <View
      style={
        Object {
          "marginBottom": 10,
        }
      }>
      <Text
        accessible={true}
        allowFontScaling={true}
        ellipsizeMode="tail"
        style={
          Object {
            "backgroundColor": "transparent",
            "color": "#D8D8D8",
            "fontSize": 14,
            "fontWeight": "500",
            "marginBottom": 7,
          }
        }>
        First name
      </Text>
      <View
        style={
          Object {
            "borderBottomWidth": 1,
            "borderColor": "#FFF",
            "borderRadius": 0,
            "borderWidth": 0,
            "height": 30,
          }
        }>
        <TextInput
          accessibilityLabel="First name"
          autoCapitalize={undefined}
          autoCorrect={undefined}
          autoFocus={undefined}
          blurOnSubmit={undefined}
          clearButtonMode={undefined}
          clearTextOnFocus={undefined}
          editable={undefined}
          enablesReturnKeyAutomatically={undefined}
          keyboardAppearance={undefined}
          keyboardType={undefined}
          maxLength={undefined}
          multiline={undefined}
          numberOfLines={undefined}
          onBlur={undefined}
          onChange={undefined}
          onChangeText={[Function]}
          onContentSizeChange={undefined}
          onEndEditing={undefined}
          onFocus={undefined}
          onKeyPress={undefined}
          onLayout={undefined}
          onSelectionChange={undefined}
          onSubmitEditing={undefined}
          placeholder={undefined}
          placeholderTextColor={undefined}
          returnKeyType={undefined}
          secureTextEntry={undefined}
          selectTextOnFocus={undefined}
          selectionColor={undefined}
          selectionState={undefined}
          style={
            Object {
              "borderColor": "#cccccc",
              "borderRadius": 4,
              "borderWidth": 0,
              "color": "#FFF",
              "fontSize": 14,
              "height": 30,
              "marginBottom": 5,
              "padding": 7,
            }
          }
          underlineColorAndroid="transparent"
          value="John" />
      </View>
    </View>
    <View
      style={
        Object {
          "marginBottom": 10,
        }
      }>
      <Text
        accessible={true}
        allowFontScaling={true}
        ellipsizeMode="tail"
        style={
          Object {
            "backgroundColor": "transparent",
            "color": "#D8D8D8",
            "fontSize": 14,
            "fontWeight": "500",
            "marginBottom": 7,
          }
        }>
        Last name
      </Text>
      <View
        style={
          Object {
            "borderBottomWidth": 1,
            "borderColor": "#FFF",
            "borderRadius": 0,
            "borderWidth": 0,
            "height": 30,
          }
        }>
        <TextInput
          accessibilityLabel="Last name"
          autoCapitalize={undefined}
          autoCorrect={undefined}
          autoFocus={undefined}
          blurOnSubmit={undefined}
          clearButtonMode={undefined}
          clearTextOnFocus={undefined}
          editable={undefined}
          enablesReturnKeyAutomatically={undefined}
          keyboardAppearance={undefined}
          keyboardType={undefined}
          maxLength={undefined}
          multiline={undefined}
          numberOfLines={undefined}
          onBlur={undefined}
          onChange={undefined}
          onChangeText={[Function]}
          onContentSizeChange={undefined}
          onEndEditing={undefined}
          onFocus={undefined}
          onKeyPress={undefined}
          onLayout={undefined}
          onSelectionChange={undefined}
          onSubmitEditing={undefined}
          placeholder={undefined}
          placeholderTextColor={undefined}
          returnKeyType={undefined}
          secureTextEntry={undefined}
          selectTextOnFocus={undefined}
          selectionColor={undefined}
          selectionState={undefined}
          style={
            Object {
              "borderColor": "#cccccc",
              "borderRadius": 4,
              "borderWidth": 0,
              "color": "#FFF",
              "fontSize": 14,
              "height": 30,
              "marginBottom": 5,
              "padding": 7,
            }
          }
          underlineColorAndroid="transparent"
          value="Doe" />
      </View>
    </View>
    <View
      style={
        Object {
          "marginBottom": 10,
        }
      }>
      <Text
        accessible={true}
        allowFontScaling={true}
        ellipsizeMode="tail"
        style={
          Object {
            "backgroundColor": "transparent",
            "color": "#D8D8D8",
            "fontSize": 14,
            "fontWeight": "500",
            "marginBottom": 7,
          }
        }>
        Email
      </Text>
      <View
        style={
          Object {
            "borderBottomWidth": 1,
            "borderColor": "#FFF",
            "borderRadius": 0,
            "borderWidth": 0,
            "height": 30,
          }
        }>
        <TextInput
          accessibilityLabel="Email"
          autoCapitalize={undefined}
          autoCorrect={undefined}
          autoFocus={undefined}
          blurOnSubmit={undefined}
          clearButtonMode={undefined}
          clearTextOnFocus={undefined}
          editable={undefined}
          enablesReturnKeyAutomatically={undefined}
          keyboardAppearance={undefined}
          keyboardType={undefined}
          maxLength={undefined}
          multiline={undefined}
          numberOfLines={undefined}
          onBlur={undefined}
          onChange={undefined}
          onChangeText={[Function]}
          onContentSizeChange={undefined}
          onEndEditing={undefined}
          onFocus={undefined}
          onKeyPress={undefined}
          onLayout={undefined}
          onSelectionChange={undefined}
          onSubmitEditing={undefined}
          placeholder={undefined}
          placeholderTextColor={undefined}
          returnKeyType={undefined}
          secureTextEntry={undefined}
          selectTextOnFocus={undefined}
          selectionColor={undefined}
          selectionState={undefined}
          style={
            Object {
              "borderColor": "#cccccc",
              "borderRadius": 4,
              "borderWidth": 0,
              "color": "#FFF",
              "fontSize": 14,
              "height": 30,
              "marginBottom": 5,
              "padding": 7,
            }
          }
          underlineColorAndroid="transparent"
          value="jdoe@uottawa.ca" />
      </View>
    </View>
    <View
      style={
        Object {
          "marginBottom": 10,
        }
      }>
      <Text
        accessible={true}
        allowFontScaling={true}
        ellipsizeMode="tail"
        style={
          Object {
            "backgroundColor": "transparent",
            "color": "#D8D8D8",
            "fontSize": 14,
            "fontWeight": "500",
            "marginBottom": 7,
          }
        }>
        Password
      </Text>
      <View
        style={
          Object {
            "borderBottomWidth": 1,
            "borderColor": "#FFF",
            "borderRadius": 0,
            "borderWidth": 0,
            "height": 30,
          }
        }>
        <TextInput
          accessibilityLabel="Password"
          autoCapitalize={undefined}
          autoCorrect={undefined}
          autoFocus={undefined}
          blurOnSubmit={undefined}
          clearButtonMode={undefined}
          clearTextOnFocus={undefined}
          editable={undefined}
          enablesReturnKeyAutomatically={undefined}
          keyboardAppearance={undefined}
          keyboardType={undefined}
          maxLength={undefined}
          multiline={undefined}
          numberOfLines={undefined}
          onBlur={undefined}
          onChange={undefined}
          onChangeText={[Function]}
          onContentSizeChange={undefined}
          onEndEditing={undefined}
          onFocus={undefined}
          onKeyPress={undefined}
          onLayout={undefined}
          onSelectionChange={undefined}
          onSubmitEditing={undefined}
          placeholder={undefined}
          placeholderTextColor={undefined}
          returnKeyType={undefined}
          secureTextEntry={true}
          selectTextOnFocus={undefined}
          selectionColor={undefined}
          selectionState={undefined}
          style={
            Object {
              "borderColor": "#cccccc",
              "borderRadius": 4,
              "borderWidth": 0,
              "color": "#FFF",
              "fontSize": 14,
              "height": 30,
              "marginBottom": 5,
              "padding": 7,
            }
          }
          underlineColorAndroid="transparent"
          value="" />
      </View>
    </View>
    <View
      style={
        Object {
          "marginBottom": 10,
        }
      }>
      <Text
        accessible={true}
        allowFontScaling={true}
        ellipsizeMode="tail"
        style={
          Object {
            "backgroundColor": "transparent",
            "color": "#D8D8D8",
            "fontSize": 14,
            "fontWeight": "500",
            "marginBottom": 7,
          }
        }>
        Phone number
      </Text>
      <View
        style={
          Object {
            "borderBottomWidth": 1,
            "borderColor": "#FFF",
            "borderRadius": 0,
            "borderWidth": 0,
            "height": 30,
          }
        }>
        <TextInput
          accessibilityLabel="Phone number"
          autoCapitalize={undefined}
          autoCorrect={undefined}
          autoFocus={undefined}
          blurOnSubmit={undefined}
          clearButtonMode={undefined}
          clearTextOnFocus={undefined}
          editable={undefined}
          enablesReturnKeyAutomatically={undefined}
          keyboardAppearance={undefined}
          keyboardType="numeric"
          maxLength={undefined}
          multiline={undefined}
          numberOfLines={undefined}
          onBlur={undefined}
          onChange={undefined}
          onChangeText={[Function]}
          onContentSizeChange={undefined}
          onEndEditing={undefined}
          onFocus={undefined}
          onKeyPress={undefined}
          onLayout={undefined}
          onSelectionChange={undefined}
          onSubmitEditing={undefined}
          placeholder={undefined}
          placeholderTextColor={undefined}
          returnKeyType={undefined}
          secureTextEntry={undefined}
          selectTextOnFocus={undefined}
          selectionColor={undefined}
          selectionState={undefined}
          style={
            Object {
              "borderColor": "#cccccc",
              "borderRadius": 4,
              "borderWidth": 0,
              "color": "#FFF",
              "fontSize": 14,
              "height": 30,
              "marginBottom": 5,
              "padding": 7,
            }
          }
          underlineColorAndroid="transparent"
          value="" />
      </View>
    </View>
  </View>
  <View
    accessibilityComponentType={undefined}
    accessibilityLabel={undefined}
    accessibilityTraits={undefined}
    accessible={true}
    hasTVPreferredFocus={undefined}
    hitSlop={undefined}
    isTVSelectable={true}
    onLayout={undefined}
    onResponderGrant={[Function]}
    onResponderMove={[Function]}
    onResponderRelease={[Function]}
    onResponderTerminate={[Function]}
    onResponderTerminationRequest={[Function]}
    onStartShouldSetResponder={[Function]}
    style={
      Array [
        Object {
          "backgroundColor": "transparent",
        },
        undefined,
      ]
    }
    testID={undefined}
    tvParallaxProperties={undefined}>
    <View
      style={
        Array [
          Object {
            "alignItems": "center",
            "backgroundColor": "#9E9E9E",
            "flexDirection": "row",
            "justifyContent": "center",
            "marginLeft": 15,
            "marginRight": 15,
            "padding": 19,
          },
          undefined,
          undefined,
          undefined,
          undefined,
          undefined,
          Object {
            "backgroundColor": "#FF3366",
          },
          undefined,
          Object {
            "shadowColor": "rgba(0,0,0, .4)",
            "shadowOffset": Object {
              "height": 1,
              "width": 1,
            },
            "shadowOpacity": 1,
            "shadowRadius": 1,
          },
          Object {
            "padding": 12,
          },
          undefined,
          undefined,
          undefined,
        ]
      }>
      <Text
        accessible={true}
        allowFontScaling={true}
        ellipsizeMode="tail"
        style={
          Array [
            Object {
              "fontFamily": undefined,
            },
            undefined,
            undefined,
            undefined,
            undefined,
            undefined,
            undefined,
            undefined,
            undefined,
            undefined,
            Array [
              Object {
                "color": "white",
                "fontSize": 20,
              },
              undefined,
              Object {
                "fontSize": 17.5,
              },
              undefined,
              undefined,
              undefined,
              undefined,
            ],
          ]
        }>
        Next
      </Text>
    </View>
  </View>
</View>
`;
